// Jest Snapshot v1, https://goo.gl/fbAQLP

exports[`Base component should render correctly 1`] = `
<div
  className="mdrn"
>
  children
</div>
`;
