// Jest Snapshot v1, https://goo.gl/fbAQLP

exports[`Blockquote component should render correctly 1`] = `
<blockquote
  class="Blockquote"
>
  children
</blockquote>
`;
