// Jest Snapshot v1, https://goo.gl/fbAQLP

exports[`Rule component should render correctly 1`] = `
<div>
  <hr
    class="Rule"
  />
</div>
`;
