// Jest Snapshot v1, https://goo.gl/fbAQLP

exports[`Space component should render correctly 1`] = `
<div
  class="Space"
>
  children
</div>
`;
