// Jest Snapshot v1, https://goo.gl/fbAQLP

exports[`Table component should render correctly 1`] = `
<div>
  <table
    class="Table"
  >
    <tbody />
  </table>
</div>
`;
