// Jest Snapshot v1, https://goo.gl/fbAQLP

exports[`Routes should render App correctly 1`] = `
<div>
  <div
    class="mdrn"
  >
    <div
      content="[object Object]"
    />
    <div
      class="Footer"
    >
      <div
        class="Footer-copyright"
      >
        Â© 
        foo
         
        2018
      </div>
      <ul
        class="Footer-list"
      />
    </div>
  </div>
</div>
`;
