// Jest Snapshot v1, https://goo.gl/fbAQLP

exports[`Blockquote component should render correctly 1`] = `
<div>
  <blockquote
    class="Blockquote"
  >
    children
  </blockquote>
</div>
`;
