// Jest Snapshot v1, https://goo.gl/fbAQLP

exports[`Tile component should render correctly 1`] = `
<div>
  <a
    class="Tile"
    href="http://example.com"
  >
    children
  </a>
</div>
`;
