// Jest Snapshot v1, https://goo.gl/fbAQLP

exports[`Block component should render correctly 1`] = `
<div
  class="Block"
>
  children
</div>
`;
