// Jest Snapshot v1, https://goo.gl/fbAQLP

exports[`Paragraph component should render correctly 1`] = `
<div>
  <p
    class="Paragraph"
  >
    children
  </p>
</div>
`;
