// Jest Snapshot v1, https://goo.gl/fbAQLP

exports[`Tile component should render correctly 1`] = `
<a
  class="Tile"
>
  children
</a>
`;
